package main

import "fmt"

func main() {
	x := 2
	y := 5
	var m map[string]int
	newVar := make(map[string]int)
	m = newVar //<<<<< var,9,22,9,25,newVar,pass
	m["route"] = 66
	fmt.Println("please choose: x + x, x * y?")
	//fmt.Printf("map keyvalue is: %s and route", m["route"])
	fmt.Printf("x is %s, y is %s", x, y)
}
