package main

import "fmt"
import "mypackage"

//Test for renaming an imported method

func main() {

	mystructvar := mypackage.Mystruct{"helloo"}

	fmt.Println("value is", mystructvar.renamed()) // <<<<< rename,12,38,12,38,renamed,pass

}
