// Jest Snapshot v1, https://goo.gl/fbAQLP

exports[`ConnectOpenScan renders correctly 1`] = `
<View
  style={
    Object {
      "flex": 1,
    }
  }
>
  <RNCSafeAreaProvider
    onInsetsChange={[Function]}
    style={
      Array [
        Object {
          "flex": 1,
        },
        undefined,
      ]
    }
  >
    <View
      style={
        Array [
          Object {
            "backgroundColor": "rgb(242, 242, 242)",
            "flex": 1,
          },
          undefined,
        ]
      }
    >
      <View
        collapsable={false}
        pointerEvents="box-none"
        style={
          Object {
            "zIndex": 1,
          }
        }
      >
        <View
          accessibilityElementsHidden={false}
          importantForAccessibility="auto"
          onLayout={[Function]}
          pointerEvents="box-none"
          style={null}
        >
          <View
            collapsable={false}
            pointerEvents="box-none"
            style={
              Object {
                "bottom": 0,
                "left": 0,
                "opacity": 1,
                "position": "absolute",
                "right": 0,
                "top": 0,
                "zIndex": 0,
              }
            }
          >
            <View
              collapsable={false}
              style={
                Object {
                  "backgroundColor": "rgb(255, 255, 255)",
                  "borderBottomColor": "rgb(216, 216, 216)",
                  "flex": 1,
                  "shadowColor": "rgb(216, 216, 216)",
                  "shadowOffset": Object {
                    "height": 0.5,
                    "width": 0,
                  },
                  "shadowOpacity": 0.85,
                  "shadowRadius": 0,
                }
              }
            />
          </View>
          <View
            collapsable={false}
            pointerEvents="box-none"
            style={
              Object {
                "height": 44,
                "maxHeight": undefined,
                "minHeight": undefined,
                "opacity": undefined,
                "transform": undefined,
              }
            }
          >
            <View
              pointerEvents="none"
              style={
                Object {
                  "height": 0,
                }
              }
            />
            <View
              pointerEvents="box-none"
              style={
                Object {
                  "alignItems": "stretch",
                  "flex": 1,
                  "flexDirection": "row",
                }
              }
            >
              <View
                collapsable={false}
                pointerEvents="box-none"
                style={
                  Object {
                    "alignItems": "flex-start",
                    "flexBasis": 0,
                    "flexGrow": 1,
                    "justifyContent": "center",
                    "marginStart": 0,
                    "opacity": 1,
                  }
                }
              />
              <View
                collapsable={false}
                pointerEvents="box-none"
                style={
                  Object {
                    "justifyContent": "center",
                    "marginHorizontal": 16,
                    "maxWidth": 718,
                    "opacity": 1,
                  }
                }
              >
                <Text
                  accessibilityRole="header"
                  aria-level="1"
                  collapsable={false}
                  numberOfLines={1}
                  onLayout={[Function]}
                  style={
                    Object {
                      "color": "rgb(28, 28, 30)",
                      "fontSize": 17,
                      "fontWeight": "600",
                    }
                  }
                >
                  MockScreen
                </Text>
              </View>
              <View
                collapsable={false}
                pointerEvents="box-none"
                style={
                  Object {
                    "alignItems": "flex-end",
                    "flexBasis": 0,
                    "flexGrow": 1,
                    "justifyContent": "center",
                    "marginEnd": 0,
                    "opacity": 1,
                  }
                }
              />
            </View>
          </View>
        </View>
      </View>
      <RNSScreenContainer
        onLayout={[Function]}
        style={
          Object {
            "flex": 1,
          }
        }
      >
        <RNSScreen
          activityState={2}
          collapsable={false}
          forwardedRef={[Function]}
          gestureResponseDistance={
            Object {
              "bottom": -1,
              "end": -1,
              "start": -1,
              "top": -1,
            }
          }
          pointerEvents="box-none"
          style={
            Object {
              "bottom": 0,
              "left": 0,
              "position": "absolute",
              "right": 0,
              "top": 0,
            }
          }
        >
          <View
            collapsable={false}
            style={
              Object {
                "opacity": 1,
              }
            }
          />
          <View
            accessibilityElementsHidden={false}
            closing={false}
            gestureVelocityImpact={0.3}
            importantForAccessibility="auto"
            onClose={[Function]}
            onGestureBegin={[Function]}
            onGestureCanceled={[Function]}
            onGestureEnd={[Function]}
            onOpen={[Function]}
            onTransition={[Function]}
            pointerEvents="box-none"
            style={
              Array [
                Object {
                  "display": "flex",
                  "overflow": undefined,
                },
                Object {
                  "bottom": 0,
                  "left": 0,
                  "position": "absolute",
                  "right": 0,
                  "top": 0,
                },
              ]
            }
            transitionSpec={
              Object {
                "close": Object {
                  "animation": "spring",
                  "config": Object {
                    "damping": 500,
                    "mass": 3,
                    "overshootClamping": true,
                    "restDisplacementThreshold": 10,
                    "restSpeedThreshold": 10,
                    "stiffness": 1000,
                  },
                },
                "open": Object {
                  "animation": "spring",
                  "config": Object {
                    "damping": 500,
                    "mass": 3,
                    "overshootClamping": true,
                    "restDisplacementThreshold": 10,
                    "restSpeedThreshold": 10,
                    "stiffness": 1000,
                  },
                },
              }
            }
          >
            <View
              collapsable={false}
              pointerEvents="box-none"
              style={
                Object {
                  "flex": 1,
                }
              }
            >
              <View
                collapsable={false}
                forwardedRef={[Function]}
                handlerTag={1}
                handlerType="PanGestureHandler"
                needsOffscreenAlphaCompositing={false}
                onGestureHandlerEvent={[Function]}
                onGestureHandlerStateChange={[Function]}
                style={
                  Object {
                    "flex": 1,
                    "transform": Array [
                      Object {
                        "translateX": 0,
                      },
                      Object {
                        "translateX": 0,
                      },
                    ],
                  }
                }
              >
                <View
                  style={
                    Array [
                      Object {
                        "flex": 1,
                        "overflow": "hidden",
                      },
                      Array [
                        Object {
                          "backgroundColor": "rgb(242, 242, 242)",
                        },
                        undefined,
                      ],
                    ]
                  }
                >
                  <View
                    style={
                      Object {
                        "flex": 1,
                        "flexDirection": "column-reverse",
                      }
                    }
                  >
                    <View
                      style={
                        Object {
                          "flex": 1,
                        }
                      }
                    >
                      <View
                        style={
                          Object {
                            "flex": 1,
                            "overflow": "hidden",
                          }
                        }
                      >
                        <View
                          style={
                            Object {
                              "bottom": 0,
                              "left": 0,
                              "position": "absolute",
                              "right": 0,
                              "top": 0,
                              "zIndex": 0,
                            }
                          }
                        />
                        <View
                          style={
                            Object {
                              "flex": 1,
                              "flexDirection": "column",
                              "margin": 16,
                            }
                          }
                        >
                          <View
                            style={
                              Object {
                                "bottom": 0,
                                "flex": 1,
                              }
                            }
                          >
                            <View
                              style={
                                Object {
                                  "flex": 1,
                                  "flexDirection": "row",
                                  "justifyContent": "space-between",
                                }
                              }
                            >
                              <View>
                                <View
                                  style={
                                    Object {
                                      "backgroundColor": "#fff",
                                      "borderRadius": 16,
                                      "padding": 8,
                                    }
                                  }
                                >
                                  <View
                                    accessible={true}
                                    collapsable={false}
                                    focusable={true}
                                    onBlur={[Function]}
                                    onClick={[Function]}
                                    onFocus={[Function]}
                                    onResponderGrant={[Function]}
                                    onResponderMove={[Function]}
                                    onResponderRelease={[Function]}
                                    onResponderTerminate={[Function]}
                                    onResponderTerminationRequest={[Function]}
                                    onStartShouldSetResponder={[Function]}
                                  >
                                    <RNGestureHandlerButton
                                      collapsable={false}
                                      exclusive={true}
                                      handlerTag={2}
                                      handlerType="NativeViewGestureHandler"
                                      onGestureEvent={[Function]}
                                      onGestureHandlerEvent={[Function]}
                                      onGestureHandlerStateChange={[Function]}
                                      onHandlerStateChange={[Function]}
                                      rippleColor={0}
                                      touchSoundDisabled={false}
                                    >
                                      <View
                                        accessible={true}
                                        collapsable={false}
                                        style={
                                          Object {
                                            "opacity": 1,
                                          }
                                        }
                                      >
                                        <View>
                                          {"name":"ios-close","size":25,"color":"#3742fa"}
                                        </View>
                                      </View>
                                    </RNGestureHandlerButton>
                                  </View>
                                </View>
                              </View>
                              <View>
                                <View
                                  style={
                                    Object {
                                      "backgroundColor": "#fff",
                                      "borderRadius": 16,
                                      "padding": 8,
                                    }
                                  }
                                >
                                  <View
                                    accessible={true}
                                    collapsable={false}
                                    focusable={true}
                                    onBlur={[Function]}
                                    onClick={[Function]}
                                    onFocus={[Function]}
                                    onResponderGrant={[Function]}
                                    onResponderMove={[Function]}
                                    onResponderRelease={[Function]}
                                    onResponderTerminate={[Function]}
                                    onResponderTerminationRequest={[Function]}
                                    onStartShouldSetResponder={[Function]}
                                    testID="launch_selector"
                                  >
                                    <RNGestureHandlerButton
                                      collapsable={false}
                                      exclusive={true}
                                      handlerTag={3}
                                      handlerType="NativeViewGestureHandler"
                                      onGestureEvent={[Function]}
                                      onGestureHandlerEvent={[Function]}
                                      onGestureHandlerStateChange={[Function]}
                                      onHandlerStateChange={[Function]}
                                      rippleColor={0}
                                      touchSoundDisabled={false}
                                    >
                                      <View
                                        accessible={true}
                                        collapsable={false}
                                        style={
                                          Object {
                                            "marginBottom": 8,
                                            "opacity": 1,
                                          }
                                        }
                                      >
                                        <View>
                                          {"name":"ios-create","size":25,"color":"#3742fa"}
                                        </View>
                                      </View>
                                    </RNGestureHandlerButton>
                                  </View>
                                  <View
                                    accessible={true}
                                    collapsable={false}
                                    focusable={true}
                                    onBlur={[Function]}
                                    onClick={[Function]}
                                    onFocus={[Function]}
                                    onResponderGrant={[Function]}
                                    onResponderMove={[Function]}
                                    onResponderRelease={[Function]}
                                    onResponderTerminate={[Function]}
                                    onResponderTerminationRequest={[Function]}
                                    onStartShouldSetResponder={[Function]}
                                  >
                                    <RNGestureHandlerButton
                                      collapsable={false}
                                      exclusive={true}
                                      handlerTag={4}
                                      handlerType="NativeViewGestureHandler"
                                      onGestureEvent={[Function]}
                                      onGestureHandlerEvent={[Function]}
                                      onGestureHandlerStateChange={[Function]}
                                      onHandlerStateChange={[Function]}
                                      rippleColor={0}
                                      touchSoundDisabled={false}
                                    >
                                      <View
                                        accessible={true}
                                        collapsable={false}
                                        style={
                                          Object {
                                            "opacity": 1,
                                          }
                                        }
                                      >
                                        <View>
                                          {"name":"ios-code","size":25,"color":"#3742fa"}
                                        </View>
                                      </View>
                                    </RNGestureHandlerButton>
                                  </View>
                                </View>
                              </View>
                            </View>
                          </View>
                        </View>
                      </View>
                    </View>
                  </View>
                </View>
              </View>
            </View>
          </View>
        </RNSScreen>
      </RNSScreenContainer>
    </View>
  </RNCSafeAreaProvider>
</View>
`;
