package main

import "fmt"

func main() {
	x := 5
	newVar := x < 10
	if x < 0 {

	} else if newVar { // <<<<< var,9,11,9,17,newVar,pass
		fmt.Println("divisible by 5:")
	}
}
