package tmp2
var xx int //xx, yes xx. The name xx appears four times in this quick comment for xx // <<<<< rename,2,5,2,5,xx,pass
             
