{
  "start": 5,
  "end": 5,
  "lines": [
    "\tMyExample bool `json:\"myExample\"`"
  ]
}