package main

import "fmt"
import "Xyz"// <<<<< rename,4,10,4,10,Xyz,fail 
//Test for renaming an imported package
func main() {                               
	fmt.Println(Xyz.MyFunction(5))    
}
