// Jest Snapshot v1, https://goo.gl/fbAQLP

exports[`BarChartDisplay renders correctly 1`] = `
<View
  style={
    Array [
      Object {
        "alignItems": "center",
        "flex": 1,
        "justifyContent": "space-evenly",
      },
      Object {
        "justifyContent": "flex-start",
        "padding": 10,
      },
    ]
  }
>
  <View
    style={Object {}}
  >
    <RNSVGSvgView
      bbHeight={260}
      bbWidth={460}
      focusable={false}
      height={260}
      style={
        Array [
          Object {
            "backgroundColor": "transparent",
            "borderWidth": 0,
          },
          Object {
            "flex": 0,
            "height": 260,
            "width": 460,
          },
        ]
      }
      width={460}
    >
      <RNSVGGroup>
        <RNSVGDefs>
          <RNSVGLinearGradient
            gradient={
              Array [
                0,
                1976611,
                1,
                1292374797,
              ]
            }
            gradientTransform={null}
            gradientUnits={1}
            name="backgroundGradient"
            x1={0}
            x2={460}
            y1={5000}
            y2={0}
          />
          <RNSVGLinearGradient
            gradient={
              Array [
                0,
                436207616,
                1,
                0,
              ]
            }
            gradientTransform={null}
            gradientUnits={1}
            name="fillShadowGradient"
            x1={0}
            x2={0}
            y1={0}
            y2={5000}
          />
        </RNSVGDefs>
        <RNSVGDefs />
        <RNSVGRect
          fill={
            Array [
              1,
              "backgroundGradient",
            ]
          }
          height={260}
          propList={
            Array [
              "fill",
            ]
          }
          rx={0}
          ry={0}
          width="100%"
          x={0}
          y={0}
        />
        <RNSVGGroup>
          <RNSVGLine
            propList={
              Array [
                "stroke",
                "strokeWidth",
                "strokeDasharray",
              ]
            }
            stroke={855638016}
            strokeDasharray={
              Array [
                "5",
                "10",
              ]
            }
            strokeWidth={1}
            x1={0}
            x2={460}
            y1={16}
            y2={16}
          />
          <RNSVGLine
            propList={
              Array [
                "stroke",
                "strokeWidth",
                "strokeDasharray",
              ]
            }
            stroke={855638016}
            strokeDasharray={
              Array [
                "5",
                "10",
              ]
            }
            strokeWidth={1}
            x1={0}
            x2={460}
            y1={64.75}
            y2={64.75}
          />
          <RNSVGLine
            propList={
              Array [
                "stroke",
                "strokeWidth",
                "strokeDasharray",
              ]
            }
            stroke={855638016}
            strokeDasharray={
              Array [
                "5",
                "10",
              ]
            }
            strokeWidth={1}
            x1={0}
            x2={460}
            y1={113.5}
            y2={113.5}
          />
          <RNSVGLine
            propList={
              Array [
                "stroke",
                "strokeWidth",
                "strokeDasharray",
              ]
            }
            stroke={855638016}
            strokeDasharray={
              Array [
                "5",
                "10",
              ]
            }
            strokeWidth={1}
            x1={0}
            x2={460}
            y1={162.25}
            y2={162.25}
          />
          <RNSVGLine
            propList={
              Array [
                "stroke",
                "strokeWidth",
                "strokeDasharray",
              ]
            }
            stroke={855638016}
            strokeDasharray={
              Array [
                "5",
                "10",
              ]
            }
            strokeWidth={1}
            x1={0}
            x2={460}
            y1={211}
            y2={211}
          />
        </RNSVGGroup>
        <RNSVGGroup>
          <RNSVGText
            content={null}
            dx={Array []}
            dy={Array []}
            fill={3422552064}
            font={
              Object {
                "fontSize": 12,
                "textAnchor": "end",
              }
            }
            matrix={
              Array [
                1,
                0,
                -0,
                1,
                0,
                0,
              ]
            }
            propList={
              Array [
                "fill",
              ]
            }
            rotate={Array []}
            x={
              Array [
                52,
              ]
            }
            y={
              Array [
                211,
              ]
            }
          >
            <RNSVGTSpan
              content="4"
              dx={Array []}
              dy={Array []}
              font={Object {}}
              rotate={Array []}
              x={Array []}
              y={Array []}
            />
          </RNSVGText>
          <RNSVGText
            content={null}
            dx={Array []}
            dy={Array []}
            fill={3422552064}
            font={
              Object {
                "fontSize": 12,
                "textAnchor": "end",
              }
            }
            matrix={
              Array [
                1,
                0,
                -0,
                1,
                0,
                0,
              ]
            }
            propList={
              Array [
                "fill",
              ]
            }
            rotate={Array []}
            x={
              Array [
                52,
              ]
            }
            y={
              Array [
                162.25,
              ]
            }
          >
            <RNSVGTSpan
              content="6"
              dx={Array []}
              dy={Array []}
              font={Object {}}
              rotate={Array []}
              x={Array []}
              y={Array []}
            />
          </RNSVGText>
          <RNSVGText
            content={null}
            dx={Array []}
            dy={Array []}
            fill={3422552064}
            font={
              Object {
                "fontSize": 12,
                "textAnchor": "end",
              }
            }
            matrix={
              Array [
                1,
                0,
                -0,
                1,
                0,
                0,
              ]
            }
            propList={
              Array [
                "fill",
              ]
            }
            rotate={Array []}
            x={
              Array [
                52,
              ]
            }
            y={
              Array [
                113.5,
              ]
            }
          >
            <RNSVGTSpan
              content="7"
              dx={Array []}
              dy={Array []}
              font={Object {}}
              rotate={Array []}
              x={Array []}
              y={Array []}
            />
          </RNSVGText>
          <RNSVGText
            content={null}
            dx={Array []}
            dy={Array []}
            fill={3422552064}
            font={
              Object {
                "fontSize": 12,
                "textAnchor": "end",
              }
            }
            matrix={
              Array [
                1,
                0,
                -0,
                1,
                0,
                0,
              ]
            }
            propList={
              Array [
                "fill",
              ]
            }
            rotate={Array []}
            x={
              Array [
                52,
              ]
            }
            y={
              Array [
                64.75,
              ]
            }
          >
            <RNSVGTSpan
              content="9"
              dx={Array []}
              dy={Array []}
              font={Object {}}
              rotate={Array []}
              x={Array []}
              y={Array []}
            />
          </RNSVGText>
          <RNSVGText
            content={null}
            dx={Array []}
            dy={Array []}
            fill={3422552064}
            font={
              Object {
                "fontSize": 12,
                "textAnchor": "end",
              }
            }
            matrix={
              Array [
                1,
                0,
                -0,
                1,
                0,
                0,
              ]
            }
            propList={
              Array [
                "fill",
              ]
            }
            rotate={Array []}
            x={
              Array [
                52,
              ]
            }
            y={
              Array [
                16,
              ]
            }
          >
            <RNSVGTSpan
              content="10"
              dx={Array []}
              dy={Array []}
              font={Object {}}
              rotate={Array []}
              x={Array []}
              y={Array []}
            />
          </RNSVGText>
        </RNSVGGroup>
        <RNSVGGroup>
          <RNSVGText
            content={null}
            dx={Array []}
            dy={Array []}
            fill={3422552064}
            font={
              Object {
                "fontSize": 12,
                "textAnchor": "middle",
              }
            }
            matrix={
              Array [
                1,
                0,
                -0,
                1,
                0,
                0,
              ]
            }
            propList={
              Array [
                "fill",
              ]
            }
            rotate={Array []}
            x={
              Array [
                96,
              ]
            }
            y={
              Array [
                235,
              ]
            }
          >
            <RNSVGTSpan
              content="Yes"
              dx={Array []}
              dy={Array []}
              font={Object {}}
              rotate={Array []}
              x={Array []}
              y={Array []}
            />
          </RNSVGText>
          <RNSVGText
            content={null}
            dx={Array []}
            dy={Array []}
            fill={3422552064}
            font={
              Object {
                "fontSize": 12,
                "textAnchor": "middle",
              }
            }
            matrix={
              Array [
                1,
                0,
                -0,
                1,
                0,
                0,
              ]
            }
            propList={
              Array [
                "fill",
              ]
            }
            rotate={Array []}
            x={
              Array [
                228,
              ]
            }
            y={
              Array [
                235,
              ]
            }
          >
            <RNSVGTSpan
              content="No"
              dx={Array []}
              dy={Array []}
              font={Object {}}
              rotate={Array []}
              x={Array []}
              y={Array []}
            />
          </RNSVGText>
          <RNSVGText
            content={null}
            dx={Array []}
            dy={Array []}
            fill={3422552064}
            font={
              Object {
                "fontSize": 12,
                "textAnchor": "middle",
              }
            }
            matrix={
              Array [
                1,
                0,
                -0,
                1,
                0,
                0,
              ]
            }
            propList={
              Array [
                "fill",
              ]
            }
            rotate={Array []}
            x={
              Array [
                360,
              ]
            }
            y={
              Array [
                235,
              ]
            }
          >
            <RNSVGTSpan
              content="I don't know"
              dx={Array []}
              dy={Array []}
              font={Object {}}
              rotate={Array []}
              x={Array []}
              y={Array []}
            />
          </RNSVGText>
        </RNSVGGroup>
        <RNSVGGroup>
          <RNSVGRect
            fill={
              Array [
                1,
                "fillShadowGradient",
              ]
            }
            height={195}
            propList={
              Array [
                "fill",
              ]
            }
            rx={0}
            width={32}
            x={80}
            y={16}
          />
          <RNSVGRect
            fill={
              Array [
                1,
                "fillShadowGradient",
              ]
            }
            height={32.5}
            propList={
              Array [
                "fill",
              ]
            }
            rx={0}
            width={32}
            x={212}
            y={178.5}
          />
          <RNSVGRect
            fill={
              Array [
                1,
                "fillShadowGradient",
              ]
            }
            height={0}
            propList={
              Array [
                "fill",
              ]
            }
            rx={0}
            width={32}
            x={344}
            y={211}
          />
        </RNSVGGroup>
        <RNSVGGroup />
        <RNSVGGroup>
          <RNSVGRect
            fill={2566914048}
            height={2}
            propList={
              Array [
                "fill",
              ]
            }
            width={32}
            x={80}
            y={16}
          />
          <RNSVGRect
            fill={2566914048}
            height={2}
            propList={
              Array [
                "fill",
              ]
            }
            width={32}
            x={212}
            y={178.5}
          />
          <RNSVGRect
            fill={2566914048}
            height={2}
            propList={
              Array [
                "fill",
              ]
            }
            width={32}
            x={344}
            y={211}
          />
        </RNSVGGroup>
      </RNSVGGroup>
    </RNSVGSvgView>
  </View>
</View>
`;
