// Jest Snapshot v1, https://goo.gl/fbAQLP

exports[`ViewSingleRollCallScreenHeader renders correctly 1`] = `
<View
  style={
    {
      "flex": 1,
    }
  }
>
  <RNCSafeAreaProvider
    onInsetsChange={[Function]}
    style={
      [
        {
          "flex": 1,
        },
        undefined,
      ]
    }
  >
    <View
      style={
        [
          {
            "backgroundColor": "rgb(242, 242, 242)",
            "flex": 1,
          },
          undefined,
        ]
      }
    >
      <View
        collapsable={false}
        pointerEvents="box-none"
        style={
          {
            "zIndex": 1,
          }
        }
      >
        <View
          accessibilityElementsHidden={false}
          importantForAccessibility="auto"
          onLayout={[Function]}
          pointerEvents="box-none"
          style={null}
        >
          <View
            collapsable={false}
            pointerEvents="box-none"
            style={
              {
                "bottom": 0,
                "left": 0,
                "opacity": 1,
                "position": "absolute",
                "right": 0,
                "top": 0,
                "zIndex": 0,
              }
            }
          >
            <View
              collapsable={false}
              style={
                {
                  "backgroundColor": "rgb(255, 255, 255)",
                  "borderBottomColor": "rgb(216, 216, 216)",
                  "flex": 1,
                  "shadowColor": "rgb(216, 216, 216)",
                  "shadowOffset": {
                    "height": 0.5,
                    "width": 0,
                  },
                  "shadowOpacity": 0.85,
                  "shadowRadius": 0,
                }
              }
            />
          </View>
          <View
            collapsable={false}
            pointerEvents="box-none"
            style={
              {
                "height": 44,
                "maxHeight": undefined,
                "minHeight": undefined,
                "opacity": undefined,
                "transform": undefined,
              }
            }
          >
            <View
              pointerEvents="none"
              style={
                {
                  "height": 0,
                }
              }
            />
            <View
              pointerEvents="box-none"
              style={
                {
                  "alignItems": "stretch",
                  "flex": 1,
                  "flexDirection": "row",
                }
              }
            >
              <View
                collapsable={false}
                pointerEvents="box-none"
                style={
                  {
                    "alignItems": "flex-start",
                    "flexBasis": 0,
                    "flexGrow": 1,
                    "justifyContent": "center",
                    "marginStart": 0,
                    "opacity": 1,
                  }
                }
              />
              <View
                collapsable={false}
                pointerEvents="box-none"
                style={
                  {
                    "justifyContent": "center",
                    "marginHorizontal": 16,
                    "maxWidth": 718,
                    "opacity": 1,
                  }
                }
              >
                <Text
                  accessibilityRole="header"
                  aria-level="1"
                  collapsable={false}
                  numberOfLines={1}
                  onLayout={[Function]}
                  style={
                    {
                      "color": "rgb(28, 28, 30)",
                      "fontSize": 17,
                      "fontWeight": "600",
                    }
                  }
                >
                  MockScreen
                </Text>
              </View>
              <View
                collapsable={false}
                pointerEvents="box-none"
                style={
                  {
                    "alignItems": "flex-end",
                    "flexBasis": 0,
                    "flexGrow": 1,
                    "justifyContent": "center",
                    "marginEnd": 0,
                    "opacity": 1,
                  }
                }
              />
            </View>
          </View>
        </View>
      </View>
      <RNSScreenContainer
        onLayout={[Function]}
        style={
          {
            "flex": 1,
          }
        }
      >
        <RNSScreen
          activityState={2}
          collapsable={false}
          forwardedRef={[Function]}
          gestureResponseDistance={
            {
              "bottom": -1,
              "end": -1,
              "start": -1,
              "top": -1,
            }
          }
          pointerEvents="box-none"
          style={
            {
              "bottom": 0,
              "left": 0,
              "position": "absolute",
              "right": 0,
              "top": 0,
            }
          }
        >
          <View
            collapsable={false}
            style={
              {
                "opacity": 1,
              }
            }
          />
          <View
            accessibilityElementsHidden={false}
            closing={false}
            gestureVelocityImpact={0.3}
            importantForAccessibility="auto"
            onClose={[Function]}
            onGestureBegin={[Function]}
            onGestureCanceled={[Function]}
            onGestureEnd={[Function]}
            onOpen={[Function]}
            onTransition={[Function]}
            pointerEvents="box-none"
            style={
              [
                {
                  "display": "flex",
                  "overflow": undefined,
                },
                {
                  "bottom": 0,
                  "left": 0,
                  "position": "absolute",
                  "right": 0,
                  "top": 0,
                },
              ]
            }
            transitionSpec={
              {
                "close": {
                  "animation": "spring",
                  "config": {
                    "damping": 500,
                    "mass": 3,
                    "overshootClamping": true,
                    "restDisplacementThreshold": 10,
                    "restSpeedThreshold": 10,
                    "stiffness": 1000,
                  },
                },
                "open": {
                  "animation": "spring",
                  "config": {
                    "damping": 500,
                    "mass": 3,
                    "overshootClamping": true,
                    "restDisplacementThreshold": 10,
                    "restSpeedThreshold": 10,
                    "stiffness": 1000,
                  },
                },
              }
            }
          >
            <View
              collapsable={false}
              pointerEvents="box-none"
              style={
                {
                  "flex": 1,
                }
              }
            >
              <View
                collapsable={false}
                forwardedRef={[Function]}
                handlerTag={3}
                handlerType="PanGestureHandler"
                needsOffscreenAlphaCompositing={false}
                onGestureHandlerEvent={[Function]}
                onGestureHandlerStateChange={[Function]}
                style={
                  {
                    "flex": 1,
                    "transform": [
                      {
                        "translateX": 0,
                      },
                      {
                        "translateX": 0,
                      },
                    ],
                  }
                }
              >
                <View
                  pointerEvents="box-none"
                  style={
                    [
                      {
                        "flex": 1,
                        "overflow": "hidden",
                      },
                      [
                        {
                          "backgroundColor": "rgb(242, 242, 242)",
                        },
                        undefined,
                      ],
                    ]
                  }
                >
                  <View
                    style={
                      {
                        "flex": 1,
                        "flexDirection": "column-reverse",
                      }
                    }
                  >
                    <View
                      style={
                        {
                          "flex": 1,
                        }
                      }
                    >
                      <View
                        style={
                          {
                            "flex": 1,
                          }
                        }
                      >
                        <RCTScrollView
                          collapsable={false}
                          handlerTag={4}
                          handlerType="NativeViewGestureHandler"
                          onGestureHandlerEvent={[Function]}
                          onGestureHandlerStateChange={[Function]}
                          style={
                            {
                              "padding": 16,
                            }
                          }
                          waitFor={
                            [
                              {
                                "current": null,
                              },
                            ]
                          }
                        >
                          <View>
                            <View>
                              <View
                                style={
                                  {
                                    "flexDirection": "row",
                                    "justifyContent": "center",
                                  }
                                }
                              >
                                <View
                                  style={
                                    {
                                      "position": "relative",
                                    }
                                  }
                                >
                                  <qrcode
                                    level="H"
                                    size={256}
                                    style={
                                      {
                                        "height": "auto",
                                        "maxWidth": "300px",
                                        "width": "100%",
                                      }
                                    }
                                    value="{"pop_token":"oKHk3AivbpNXk_SfFcHDaVHcCcY8IBfHE7auXJ7h4ms="}"
                                    viewBox="0 0 256 256"
                                  />
                                  <View
                                    style={
                                      {
                                        "alignItems": "center",
                                        "backgroundColor": "#3742fa",
                                        "borderRadius": 100,
                                        "bottom": "32.4%",
                                        "display": "flex",
                                        "justifyContent": "center",
                                        "left": "32.4%",
                                        "overflow": "hidden",
                                        "padding": "4",
                                        "position": "absolute",
                                        "right": "32.4%",
                                        "top": "32.4%",
                                      }
                                    }
                                  >
                                    <Text
                                      style={
                                        [
                                          {
                                            "fontSize": 16,
                                            "lineHeight": 20,
                                          },
                                          {
                                            "textAlign": "center",
                                          },
                                          {
                                            "color": "#fff",
                                          },
                                        ]
                                      }
                                    >
                                      Scan to get user token
                                    </Text>
                                  </View>
                                </View>
                              </View>
                            </View>
                            <Text
                              style={
                                [
                                  {
                                    "fontWeight": "bold",
                                  },
                                  {
                                    "textAlign": "center",
                                  },
                                  {
                                    "fontFamily": "Courier New",
                                  },
                                  {
                                    "marginTop": 32,
                                  },
                                ]
                              }
                            >
                              LoyalBorrow3877
                            </Text>
                            <Text
                              selectable={true}
                              style={
                                [
                                  {
                                    "fontSize": 16,
                                    "lineHeight": 20,
                                  },
                                  {
                                    "color": "#8E8E8E",
                                    "marginBottom": 16,
                                    "marginTop": 8,
                                    "textAlign": "center",
                                  },
                                  {
                                    "fontFamily": "Courier New",
                                  },
                                ]
                              }
                            >
                              oKHk3AivbpNXk_SfFcHDaVHcCcY8IBfHE7auXJ7h4ms=
                            </Text>
                            <View
                              accessible={true}
                              collapsable={false}
                              focusable={true}
                              onClick={[Function]}
                              onResponderGrant={[Function]}
                              onResponderMove={[Function]}
                              onResponderRelease={[Function]}
                              onResponderTerminate={[Function]}
                              onResponderTerminationRequest={[Function]}
                              onStartShouldSetResponder={[Function]}
                              style={
                                {
                                  "opacity": 1,
                                }
                              }
                            >
                              <View
                                style={
                                  [
                                    {
                                      "backgroundColor": "#3742fa",
                                      "borderColor": "#3742fa",
                                      "borderRadius": 8,
                                      "borderWidth": 1,
                                      "padding": 8,
                                    },
                                  ]
                                }
                              >
                                <Text
                                  style={
                                    [
                                      {
                                        "color": "#000",
                                        "fontSize": 20,
                                        "lineHeight": 26,
                                        "textAlign": "left",
                                      },
                                      {
                                        "textAlign": "center",
                                      },
                                      {
                                        "color": "#fff",
                                      },
                                    ]
                                  }
                                >
                                  Copy to Clipboard
                                </Text>
                              </View>
                            </View>
                          </View>
                        </RCTScrollView>
                      </View>
                    </View>
                  </View>
                </View>
              </View>
            </View>
          </View>
        </RNSScreen>
      </RNSScreenContainer>
    </View>
  </RNCSafeAreaProvider>
</View>
`;

exports[`WalletSingleRollCall renders correctly 1`] = `
<View
  style={
    {
      "flex": 1,
    }
  }
>
  <RNCSafeAreaProvider
    onInsetsChange={[Function]}
    style={
      [
        {
          "flex": 1,
        },
        undefined,
      ]
    }
  >
    <View
      style={
        [
          {
            "backgroundColor": "rgb(242, 242, 242)",
            "flex": 1,
          },
          undefined,
        ]
      }
    >
      <View
        collapsable={false}
        pointerEvents="box-none"
        style={
          {
            "zIndex": 1,
          }
        }
      >
        <View
          accessibilityElementsHidden={false}
          importantForAccessibility="auto"
          onLayout={[Function]}
          pointerEvents="box-none"
          style={null}
        >
          <View
            collapsable={false}
            pointerEvents="box-none"
            style={
              {
                "bottom": 0,
                "left": 0,
                "opacity": 1,
                "position": "absolute",
                "right": 0,
                "top": 0,
                "zIndex": 0,
              }
            }
          >
            <View
              collapsable={false}
              style={
                {
                  "backgroundColor": "rgb(255, 255, 255)",
                  "borderBottomColor": "rgb(216, 216, 216)",
                  "flex": 1,
                  "shadowColor": "rgb(216, 216, 216)",
                  "shadowOffset": {
                    "height": 0.5,
                    "width": 0,
                  },
                  "shadowOpacity": 0.85,
                  "shadowRadius": 0,
                }
              }
            />
          </View>
          <View
            collapsable={false}
            pointerEvents="box-none"
            style={
              {
                "height": 44,
                "maxHeight": undefined,
                "minHeight": undefined,
                "opacity": undefined,
                "transform": undefined,
              }
            }
          >
            <View
              pointerEvents="none"
              style={
                {
                  "height": 0,
                }
              }
            />
            <View
              pointerEvents="box-none"
              style={
                {
                  "alignItems": "stretch",
                  "flex": 1,
                  "flexDirection": "row",
                }
              }
            >
              <View
                collapsable={false}
                pointerEvents="box-none"
                style={
                  {
                    "alignItems": "flex-start",
                    "flexBasis": 0,
                    "flexGrow": 1,
                    "justifyContent": "center",
                    "marginStart": 0,
                    "opacity": 1,
                  }
                }
              />
              <View
                collapsable={false}
                pointerEvents="box-none"
                style={
                  {
                    "justifyContent": "center",
                    "marginHorizontal": 16,
                    "maxWidth": 718,
                    "opacity": 1,
                  }
                }
              >
                <Text
                  accessibilityRole="header"
                  aria-level="1"
                  collapsable={false}
                  numberOfLines={1}
                  onLayout={[Function]}
                  style={
                    {
                      "color": "rgb(28, 28, 30)",
                      "fontSize": 17,
                      "fontWeight": "600",
                    }
                  }
                >
                  MockScreen
                </Text>
              </View>
              <View
                collapsable={false}
                pointerEvents="box-none"
                style={
                  {
                    "alignItems": "flex-end",
                    "flexBasis": 0,
                    "flexGrow": 1,
                    "justifyContent": "center",
                    "marginEnd": 0,
                    "opacity": 1,
                  }
                }
              />
            </View>
          </View>
        </View>
      </View>
      <RNSScreenContainer
        onLayout={[Function]}
        style={
          {
            "flex": 1,
          }
        }
      >
        <RNSScreen
          activityState={2}
          collapsable={false}
          forwardedRef={[Function]}
          gestureResponseDistance={
            {
              "bottom": -1,
              "end": -1,
              "start": -1,
              "top": -1,
            }
          }
          pointerEvents="box-none"
          style={
            {
              "bottom": 0,
              "left": 0,
              "position": "absolute",
              "right": 0,
              "top": 0,
            }
          }
        >
          <View
            collapsable={false}
            style={
              {
                "opacity": 1,
              }
            }
          />
          <View
            accessibilityElementsHidden={false}
            closing={false}
            gestureVelocityImpact={0.3}
            importantForAccessibility="auto"
            onClose={[Function]}
            onGestureBegin={[Function]}
            onGestureCanceled={[Function]}
            onGestureEnd={[Function]}
            onOpen={[Function]}
            onTransition={[Function]}
            pointerEvents="box-none"
            style={
              [
                {
                  "display": "flex",
                  "overflow": undefined,
                },
                {
                  "bottom": 0,
                  "left": 0,
                  "position": "absolute",
                  "right": 0,
                  "top": 0,
                },
              ]
            }
            transitionSpec={
              {
                "close": {
                  "animation": "spring",
                  "config": {
                    "damping": 500,
                    "mass": 3,
                    "overshootClamping": true,
                    "restDisplacementThreshold": 10,
                    "restSpeedThreshold": 10,
                    "stiffness": 1000,
                  },
                },
                "open": {
                  "animation": "spring",
                  "config": {
                    "damping": 500,
                    "mass": 3,
                    "overshootClamping": true,
                    "restDisplacementThreshold": 10,
                    "restSpeedThreshold": 10,
                    "stiffness": 1000,
                  },
                },
              }
            }
          >
            <View
              collapsable={false}
              pointerEvents="box-none"
              style={
                {
                  "flex": 1,
                }
              }
            >
              <View
                collapsable={false}
                forwardedRef={[Function]}
                handlerTag={1}
                handlerType="PanGestureHandler"
                needsOffscreenAlphaCompositing={false}
                onGestureHandlerEvent={[Function]}
                onGestureHandlerStateChange={[Function]}
                style={
                  {
                    "flex": 1,
                    "transform": [
                      {
                        "translateX": 0,
                      },
                      {
                        "translateX": 0,
                      },
                    ],
                  }
                }
              >
                <View
                  pointerEvents="box-none"
                  style={
                    [
                      {
                        "flex": 1,
                        "overflow": "hidden",
                      },
                      [
                        {
                          "backgroundColor": "rgb(242, 242, 242)",
                        },
                        undefined,
                      ],
                    ]
                  }
                >
                  <View
                    style={
                      {
                        "flex": 1,
                        "flexDirection": "column-reverse",
                      }
                    }
                  >
                    <View
                      style={
                        {
                          "flex": 1,
                        }
                      }
                    >
                      <View
                        style={
                          {
                            "flex": 1,
                          }
                        }
                      >
                        <RCTScrollView
                          collapsable={false}
                          handlerTag={2}
                          handlerType="NativeViewGestureHandler"
                          onGestureHandlerEvent={[Function]}
                          onGestureHandlerStateChange={[Function]}
                          style={
                            {
                              "padding": 16,
                            }
                          }
                          waitFor={
                            [
                              {
                                "current": null,
                              },
                            ]
                          }
                        >
                          <View>
                            <View>
                              <View
                                style={
                                  {
                                    "flexDirection": "row",
                                    "justifyContent": "center",
                                  }
                                }
                              >
                                <View
                                  style={
                                    {
                                      "position": "relative",
                                    }
                                  }
                                >
                                  <qrcode
                                    level="H"
                                    size={256}
                                    style={
                                      {
                                        "height": "auto",
                                        "maxWidth": "300px",
                                        "width": "100%",
                                      }
                                    }
                                    value="{"pop_token":"oKHk3AivbpNXk_SfFcHDaVHcCcY8IBfHE7auXJ7h4ms="}"
                                    viewBox="0 0 256 256"
                                  />
                                  <View
                                    style={
                                      {
                                        "alignItems": "center",
                                        "backgroundColor": "#3742fa",
                                        "borderRadius": 100,
                                        "bottom": "32.4%",
                                        "display": "flex",
                                        "justifyContent": "center",
                                        "left": "32.4%",
                                        "overflow": "hidden",
                                        "padding": "4",
                                        "position": "absolute",
                                        "right": "32.4%",
                                        "top": "32.4%",
                                      }
                                    }
                                  >
                                    <Text
                                      style={
                                        [
                                          {
                                            "fontSize": 16,
                                            "lineHeight": 20,
                                          },
                                          {
                                            "textAlign": "center",
                                          },
                                          {
                                            "color": "#fff",
                                          },
                                        ]
                                      }
                                    >
                                      Scan to get user token
                                    </Text>
                                  </View>
                                </View>
                              </View>
                            </View>
                            <Text
                              style={
                                [
                                  {
                                    "fontWeight": "bold",
                                  },
                                  {
                                    "textAlign": "center",
                                  },
                                  {
                                    "fontFamily": "Courier New",
                                  },
                                  {
                                    "marginTop": 32,
                                  },
                                ]
                              }
                            >
                              LoyalBorrow3877
                            </Text>
                            <Text
                              selectable={true}
                              style={
                                [
                                  {
                                    "fontSize": 16,
                                    "lineHeight": 20,
                                  },
                                  {
                                    "color": "#8E8E8E",
                                    "marginBottom": 16,
                                    "marginTop": 8,
                                    "textAlign": "center",
                                  },
                                  {
                                    "fontFamily": "Courier New",
                                  },
                                ]
                              }
                            >
                              oKHk3AivbpNXk_SfFcHDaVHcCcY8IBfHE7auXJ7h4ms=
                            </Text>
                            <View
                              accessible={true}
                              collapsable={false}
                              focusable={true}
                              onClick={[Function]}
                              onResponderGrant={[Function]}
                              onResponderMove={[Function]}
                              onResponderRelease={[Function]}
                              onResponderTerminate={[Function]}
                              onResponderTerminationRequest={[Function]}
                              onStartShouldSetResponder={[Function]}
                              style={
                                {
                                  "opacity": 1,
                                }
                              }
                            >
                              <View
                                style={
                                  [
                                    {
                                      "backgroundColor": "#3742fa",
                                      "borderColor": "#3742fa",
                                      "borderRadius": 8,
                                      "borderWidth": 1,
                                      "padding": 8,
                                    },
                                  ]
                                }
                              >
                                <Text
                                  style={
                                    [
                                      {
                                        "color": "#000",
                                        "fontSize": 20,
                                        "lineHeight": 26,
                                        "textAlign": "left",
                                      },
                                      {
                                        "textAlign": "center",
                                      },
                                      {
                                        "color": "#fff",
                                      },
                                    ]
                                  }
                                >
                                  Copy to Clipboard
                                </Text>
                              </View>
                            </View>
                          </View>
                        </RCTScrollView>
                      </View>
                    </View>
                  </View>
                </View>
              </View>
            </View>
          </View>
        </RNSScreen>
      </RNSScreenContainer>
    </View>
  </RNCSafeAreaProvider>
</View>
`;
