package main // <<<<< godoc,1,1,1,1,pass

import "fmt"

func main() {
	Exported()
}

// Exported TODO: NEEDS COMMENT INFO
func Exported() {
	fmt.Println("Hello, Go")
}

// Shaper TODO: NEEDS COMMENT INFO
type Shaper interface {
}

// Rectangle TODO: NEEDS COMMENT INFO
type Rectangle struct {
}
